{"timestamp":"2025-12-13T22:00:43.567601","level":"info","event":"DAG bundles loaded: dags-folder, example_dags","logger":"airflow.dag_processing.bundles.manager.DagBundlesManager"}
{"timestamp":"2025-12-13T22:00:43.568872","level":"info","event":"Filling up the DagBag from /home/mountah_lodia/ecommerce_project/ecommerce_project/airflow/dags/ecommerce_pipeline_dag.py","logger":"airflow.models.dagbag.DagBag"}
{"timestamp":"2025-12-13T22:00:43.639983Z","level":"info","event":"Task instance is in running state","chan":"stdout","logger":"task"}
{"timestamp":"2025-12-13T22:00:43.640201Z","level":"info","event":" Previous state of the Task instance: TaskInstanceState.QUEUED","chan":"stdout","logger":"task"}
{"timestamp":"2025-12-13T22:00:43.640445Z","level":"info","event":"Current task name:silver_transform","chan":"stdout","logger":"task"}
{"timestamp":"2025-12-13T22:00:43.640558Z","level":"info","event":"Dag name:ecommerce_data_pipeline","chan":"stdout","logger":"task"}
{"timestamp":"2025-12-13T22:00:43.642057","level":"info","event":"Tmp dir root location: /tmp","logger":"airflow.task.hooks.airflow.providers.standard.hooks.subprocess.SubprocessHook"}
{"timestamp":"2025-12-13T22:00:43.644104","level":"info","event":"Running command: ['/usr/bin/bash', '-c', 'python3 /home/mountah_lodia/ecommerce_project/ecommerce_project/airflow/scripts/transform_silver.py /home/mountah_lodia/ecommerce_project/ecommerce_project/data /home/mountah_lodia/ecommerce_project/ecommerce_project/data 2011-05-02']","logger":"airflow.task.hooks.airflow.providers.standard.hooks.subprocess.SubprocessHook"}
{"timestamp":"2025-12-13T22:00:43.658703","level":"info","event":"Output:","logger":"airflow.task.hooks.airflow.providers.standard.hooks.subprocess.SubprocessHook"}
{"timestamp":"2025-12-13T22:00:44.655545","level":"info","event":"WARNING: Using incubator modules: jdk.incubator.vector","logger":"airflow.task.hooks.airflow.providers.standard.hooks.subprocess.SubprocessHook"}
{"timestamp":"2025-12-13T22:00:47.661932","level":"info","event":"Using Spark's default log4j profile: org/apache/spark/log4j2-defaults.properties","logger":"airflow.task.hooks.airflow.providers.standard.hooks.subprocess.SubprocessHook"}
{"timestamp":"2025-12-13T22:00:47.705653","level":"info","event":"25/12/13 22:00:47 WARN Utils: Your hostname, MuntahLodia, resolves to a loopback address: 127.0.1.1; using 10.255.255.254 instead (on interface lo)","logger":"airflow.task.hooks.airflow.providers.standard.hooks.subprocess.SubprocessHook"}
{"timestamp":"2025-12-13T22:00:47.719862","level":"info","event":"25/12/13 22:00:47 WARN Utils: Set SPARK_LOCAL_IP if you need to bind to another address","logger":"airflow.task.hooks.airflow.providers.standard.hooks.subprocess.SubprocessHook"}
{"timestamp":"2025-12-13T22:00:48.923339","level":"info","event":"Using Spark's default log4j profile: org/apache/spark/log4j2-defaults.properties","logger":"airflow.task.hooks.airflow.providers.standard.hooks.subprocess.SubprocessHook"}
{"timestamp":"2025-12-13T22:00:48.924114","level":"info","event":"Setting default log level to \"WARN\".","logger":"airflow.task.hooks.airflow.providers.standard.hooks.subprocess.SubprocessHook"}
{"timestamp":"2025-12-13T22:00:48.924344","level":"info","event":"To adjust logging level use sc.setLogLevel(newLevel). For SparkR, use setLogLevel(newLevel).","logger":"airflow.task.hooks.airflow.providers.standard.hooks.subprocess.SubprocessHook"}
{"timestamp":"2025-12-13T22:00:50.351693","level":"info","event":"25/12/13 22:00:50 WARN NativeCodeLoader: Unable to load native-hadoop library for your platform... using builtin-java classes where applicable","logger":"airflow.task.hooks.airflow.providers.standard.hooks.subprocess.SubprocessHook"}
{"timestamp":"2025-12-13T22:01:24.698569","level":"info","event":"\r[Stage 0:>                                                          (0 + 8) / 8]\r\r                                                                                \r\r[Stage 1:>                                                          (0 + 8) / 8]\r\r[Stage 1:=======>                                                   (1 + 7) / 8]\r\r[Stage 1:==============>                                            (2 + 6) / 8]\r\r[Stage 1:======================>                                    (3 + 5) / 8]\r\r[Stage 1:====================================>                      (5 + 3) / 8]\r\r[Stage 1:============================================>              (6 + 2) / 8]\r\r[Stage 1:===================================================>       (7 + 1) / 8]\r\r                                                                                \r[INFO] Silver généré : /home/mountah_lodia/ecommerce_project/ecommerce_project/data/silver/cleaned_ecommerce_20110502.parquet","logger":"airflow.task.hooks.airflow.providers.standard.hooks.subprocess.SubprocessHook"}
{"timestamp":"2025-12-13T22:01:25.997497","level":"info","event":"Command exited with return code 0","logger":"airflow.task.hooks.airflow.providers.standard.hooks.subprocess.SubprocessHook"}
{"timestamp":"2025-12-13T22:01:26.001011","level":"info","event":"Pushing xcom","ti":"RuntimeTaskInstance(id=UUID('019b19ba-6890-76e2-93ac-84699ad54e9f'), task_id='silver_transform', dag_id='ecommerce_data_pipeline', run_id='manual__2025-12-13T22:00:05.497680+00:00', try_number=1, map_index=-1, hostname='MuntahLodia.localdomain', context_carrier=None, task=<Task(BashOperator): silver_transform>, bundle_instance=LocalDagBundle(name=dags-folder), max_tries=1, start_date=datetime.datetime(2025, 12, 13, 22, 0, 43, 515102, tzinfo=datetime.timezone.utc), end_date=None, state=<TaskInstanceState.RUNNING: 'running'>, is_mapped=False, rendered_map_index=None, log_url='http://localhost:8080/dags/ecommerce_data_pipeline/runs/manual__2025-12-13T22%3A00%3A05.497680%2B00%3A00/tasks/silver_transform?try_number=1')","logger":"task"}
{"timestamp":"2025-12-13T22:01:26.226423Z","level":"info","event":"✅ Succès : silver_transform","chan":"stdout","logger":"task"}
{"timestamp":"2025-12-13T22:01:26.226859Z","level":"info","event":"Task instance in success state","chan":"stdout","logger":"task"}
{"timestamp":"2025-12-13T22:01:26.227025Z","level":"info","event":" Previous state of the Task instance: TaskInstanceState.RUNNING","chan":"stdout","logger":"task"}
{"timestamp":"2025-12-13T22:01:26.229180Z","level":"info","event":"Task operator:<Task(BashOperator): silver_transform>","chan":"stdout","logger":"task"}
