{"timestamp":"2025-12-13T22:00:08.192852","level":"info","event":"DAG bundles loaded: dags-folder, example_dags","logger":"airflow.dag_processing.bundles.manager.DagBundlesManager"}
{"timestamp":"2025-12-13T22:00:08.193654","level":"info","event":"Filling up the DagBag from /home/mountah_lodia/ecommerce_project/ecommerce_project/airflow/dags/ecommerce_pipeline_dag.py","logger":"airflow.models.dagbag.DagBag"}
{"timestamp":"2025-12-13T22:00:08.282521Z","level":"info","event":"Task instance is in running state","chan":"stdout","logger":"task"}
{"timestamp":"2025-12-13T22:00:08.282632Z","level":"info","event":" Previous state of the Task instance: TaskInstanceState.QUEUED","chan":"stdout","logger":"task"}
{"timestamp":"2025-12-13T22:00:08.282724Z","level":"info","event":"Current task name:ingest_raw","chan":"stdout","logger":"task"}
{"timestamp":"2025-12-13T22:00:08.282773Z","level":"info","event":"Dag name:ecommerce_data_pipeline","chan":"stdout","logger":"task"}
{"timestamp":"2025-12-13T22:00:08.283339","level":"info","event":"Tmp dir root location: /tmp","logger":"airflow.task.hooks.airflow.providers.standard.hooks.subprocess.SubprocessHook"}
{"timestamp":"2025-12-13T22:00:08.285160","level":"info","event":"Running command: ['/usr/bin/bash', '-c', 'python3 /home/mountah_lodia/ecommerce_project/ecommerce_project/airflow/scripts/ingest_raw.py /home/mountah_lodia/ecommerce_project/ecommerce_project/data/raw/data.csv /home/mountah_lodia/ecommerce_project/ecommerce_project/data 2011-05-02']","logger":"airflow.task.hooks.airflow.providers.standard.hooks.subprocess.SubprocessHook"}
{"timestamp":"2025-12-13T22:00:08.295122","level":"info","event":"Output:","logger":"airflow.task.hooks.airflow.providers.standard.hooks.subprocess.SubprocessHook"}
{"timestamp":"2025-12-13T22:00:09.318549","level":"info","event":"WARNING: Using incubator modules: jdk.incubator.vector","logger":"airflow.task.hooks.airflow.providers.standard.hooks.subprocess.SubprocessHook"}
{"timestamp":"2025-12-13T22:00:11.463725","level":"info","event":"Using Spark's default log4j profile: org/apache/spark/log4j2-defaults.properties","logger":"airflow.task.hooks.airflow.providers.standard.hooks.subprocess.SubprocessHook"}
{"timestamp":"2025-12-13T22:00:11.490473","level":"info","event":"25/12/13 22:00:11 WARN Utils: Your hostname, MuntahLodia, resolves to a loopback address: 127.0.1.1; using 10.255.255.254 instead (on interface lo)","logger":"airflow.task.hooks.airflow.providers.standard.hooks.subprocess.SubprocessHook"}
{"timestamp":"2025-12-13T22:00:11.498080","level":"info","event":"25/12/13 22:00:11 WARN Utils: Set SPARK_LOCAL_IP if you need to bind to another address","logger":"airflow.task.hooks.airflow.providers.standard.hooks.subprocess.SubprocessHook"}
{"timestamp":"2025-12-13T22:00:12.554152","level":"info","event":"Using Spark's default log4j profile: org/apache/spark/log4j2-defaults.properties","logger":"airflow.task.hooks.airflow.providers.standard.hooks.subprocess.SubprocessHook"}
{"timestamp":"2025-12-13T22:00:12.554981","level":"info","event":"Setting default log level to \"WARN\".","logger":"airflow.task.hooks.airflow.providers.standard.hooks.subprocess.SubprocessHook"}
{"timestamp":"2025-12-13T22:00:12.555190","level":"info","event":"To adjust logging level use sc.setLogLevel(newLevel). For SparkR, use setLogLevel(newLevel).","logger":"airflow.task.hooks.airflow.providers.standard.hooks.subprocess.SubprocessHook"}
{"timestamp":"2025-12-13T22:00:13.325283","level":"info","event":"25/12/13 22:00:13 WARN NativeCodeLoader: Unable to load native-hadoop library for your platform... using builtin-java classes where applicable","logger":"airflow.task.hooks.airflow.providers.standard.hooks.subprocess.SubprocessHook"}
{"timestamp":"2025-12-13T22:00:42.342535","level":"info","event":"\r[Stage 0:>                                                          (0 + 1) / 1]\r\r                                                                                \r\r[Stage 1:>                                                          (0 + 8) / 8]\r\r[Stage 1:=======>                                                   (1 + 7) / 8]\r\r[Stage 1:======================>                                    (3 + 5) / 8]\r\r[Stage 1:=============================>                             (4 + 4) / 8]\r\r                                                                                \r\r[Stage 2:>                                                          (0 + 8) / 8]\r\r[Stage 2:=======>                                                   (1 + 7) / 8]\r\r[Stage 2:=============================>                             (4 + 4) / 8]\r\r[Stage 2:====================================>                      (5 + 3) / 8]\r\r[Stage 2:============================================>              (6 + 2) / 8]\r\r                                                                                \r[INFO] Bronze généré : /home/mountah_lodia/ecommerce_project/ecommerce_project/data/bronze/bronze_20110502.parquet","logger":"airflow.task.hooks.airflow.providers.standard.hooks.subprocess.SubprocessHook"}
{"timestamp":"2025-12-13T22:00:42.918459","level":"info","event":"Command exited with return code 0","logger":"airflow.task.hooks.airflow.providers.standard.hooks.subprocess.SubprocessHook"}
{"timestamp":"2025-12-13T22:00:42.919472","level":"info","event":"Pushing xcom","ti":"RuntimeTaskInstance(id=UUID('019b19ba-688f-7c3c-be98-d01b29ca19f0'), task_id='ingest_raw', dag_id='ecommerce_data_pipeline', run_id='manual__2025-12-13T22:00:05.497680+00:00', try_number=1, map_index=-1, hostname='MuntahLodia.localdomain', context_carrier=None, task=<Task(BashOperator): ingest_raw>, bundle_instance=LocalDagBundle(name=dags-folder), max_tries=1, start_date=datetime.datetime(2025, 12, 13, 22, 0, 7, 24392, tzinfo=datetime.timezone.utc), end_date=None, state=<TaskInstanceState.RUNNING: 'running'>, is_mapped=False, rendered_map_index=None, log_url='http://localhost:8080/dags/ecommerce_data_pipeline/runs/manual__2025-12-13T22%3A00%3A05.497680%2B00%3A00/tasks/ingest_raw?try_number=1')","logger":"task"}
{"timestamp":"2025-12-13T22:00:43.025116Z","level":"info","event":"✅ Succès : ingest_raw","chan":"stdout","logger":"task"}
{"timestamp":"2025-12-13T22:00:43.025472Z","level":"info","event":"Task instance in success state","chan":"stdout","logger":"task"}
{"timestamp":"2025-12-13T22:00:43.025561Z","level":"info","event":" Previous state of the Task instance: TaskInstanceState.RUNNING","chan":"stdout","logger":"task"}
{"timestamp":"2025-12-13T22:00:43.025778Z","level":"info","event":"Task operator:<Task(BashOperator): ingest_raw>","chan":"stdout","logger":"task"}
