{"timestamp":"2025-12-13T21:34:53.904820","level":"info","event":"DAG bundles loaded: dags-folder, example_dags","logger":"airflow.dag_processing.bundles.manager.DagBundlesManager"}
{"timestamp":"2025-12-13T21:34:53.906425","level":"info","event":"Filling up the DagBag from /home/mountah_lodia/ecommerce_project/ecommerce_project/airflow/dags/ecommerce_pipeline_dag.py","logger":"airflow.models.dagbag.DagBag"}
{"timestamp":"2025-12-13T21:34:54.037073Z","level":"info","event":"Task instance is in running state","chan":"stdout","logger":"task"}
{"timestamp":"2025-12-13T21:34:54.037363Z","level":"info","event":" Previous state of the Task instance: TaskInstanceState.QUEUED","chan":"stdout","logger":"task"}
{"timestamp":"2025-12-13T21:34:54.037805Z","level":"info","event":"Current task name:gold_features","chan":"stdout","logger":"task"}
{"timestamp":"2025-12-13T21:34:54.037988Z","level":"info","event":"Dag name:ecommerce_data_pipeline","chan":"stdout","logger":"task"}
{"timestamp":"2025-12-13T21:34:54.038911","level":"info","event":"Tmp dir root location: /tmp","logger":"airflow.task.hooks.airflow.providers.standard.hooks.subprocess.SubprocessHook"}
{"timestamp":"2025-12-13T21:34:54.041218","level":"info","event":"Running command: ['/usr/bin/bash', '-c', 'python3 /home/mountah_lodia/ecommerce_project/ecommerce_project/airflow/scripts/build_features_gold.py /home/mountah_lodia/ecommerce_project/ecommerce_project/data /home/mountah_lodia/ecommerce_project/ecommerce_project/data 2011-05-17']","logger":"airflow.task.hooks.airflow.providers.standard.hooks.subprocess.SubprocessHook"}
{"timestamp":"2025-12-13T21:34:54.059616","level":"info","event":"Output:","logger":"airflow.task.hooks.airflow.providers.standard.hooks.subprocess.SubprocessHook"}
{"timestamp":"2025-12-13T21:34:55.816141","level":"info","event":"WARNING: Using incubator modules: jdk.incubator.vector","logger":"airflow.task.hooks.airflow.providers.standard.hooks.subprocess.SubprocessHook"}
{"timestamp":"2025-12-13T21:34:58.282689","level":"info","event":"Using Spark's default log4j profile: org/apache/spark/log4j2-defaults.properties","logger":"airflow.task.hooks.airflow.providers.standard.hooks.subprocess.SubprocessHook"}
{"timestamp":"2025-12-13T21:34:58.306700","level":"info","event":"25/12/13 21:34:58 WARN Utils: Your hostname, MuntahLodia, resolves to a loopback address: 127.0.1.1; using 10.255.255.254 instead (on interface lo)","logger":"airflow.task.hooks.airflow.providers.standard.hooks.subprocess.SubprocessHook"}
{"timestamp":"2025-12-13T21:34:58.316744","level":"info","event":"25/12/13 21:34:58 WARN Utils: Set SPARK_LOCAL_IP if you need to bind to another address","logger":"airflow.task.hooks.airflow.providers.standard.hooks.subprocess.SubprocessHook"}
{"timestamp":"2025-12-13T21:34:59.233339","level":"info","event":"Using Spark's default log4j profile: org/apache/spark/log4j2-defaults.properties","logger":"airflow.task.hooks.airflow.providers.standard.hooks.subprocess.SubprocessHook"}
{"timestamp":"2025-12-13T21:34:59.234087","level":"info","event":"Setting default log level to \"WARN\".","logger":"airflow.task.hooks.airflow.providers.standard.hooks.subprocess.SubprocessHook"}
{"timestamp":"2025-12-13T21:34:59.234330","level":"info","event":"To adjust logging level use sc.setLogLevel(newLevel). For SparkR, use setLogLevel(newLevel).","logger":"airflow.task.hooks.airflow.providers.standard.hooks.subprocess.SubprocessHook"}
{"timestamp":"2025-12-13T21:35:00.374225","level":"info","event":"25/12/13 21:35:00 WARN NativeCodeLoader: Unable to load native-hadoop library for your platform... using builtin-java classes where applicable","logger":"airflow.task.hooks.airflow.providers.standard.hooks.subprocess.SubprocessHook"}
{"timestamp":"2025-12-13T21:35:27.536621","level":"info","event":"\r[Stage 0:>                                                          (0 + 1) / 1]\r\r                                                                                \r\r[Stage 3:>                                                         (0 + 8) / 22]\r\r[Stage 3:==>                                                       (1 + 8) / 22]\r\r[Stage 3:=====================>                                    (8 + 8) / 22]\r\r[Stage 3:============================================>            (17 + 5) / 22]\r\r                                                                                \r\r[Stage 6:==>                                                       (1 + 8) / 22]\r\r[Stage 6:==================>                                       (7 + 8) / 22]\r\r[Stage 6:=======================>                                  (9 + 8) / 22]\r\r[Stage 6:=========================>                               (10 + 8) / 22]\r\r[Stage 6:============================>                            (11 + 8) / 22]\r\r[Stage 6:============================================>            (17 + 5) / 22]\r\r[Stage 6:===================================================>     (20 + 2) / 22]\r\r[Stage 8:>                                                          (0 + 1) / 1]\r\r                                                                                \r[INFO] Gold RFM généré : /home/mountah_lodia/ecommerce_project/ecommerce_project/data/gold/ecommerce_features_20110517.parquet","logger":"airflow.task.hooks.airflow.providers.standard.hooks.subprocess.SubprocessHook"}
{"timestamp":"2025-12-13T21:35:28.326326","level":"info","event":"Command exited with return code 0","logger":"airflow.task.hooks.airflow.providers.standard.hooks.subprocess.SubprocessHook"}
{"timestamp":"2025-12-13T21:35:28.328087","level":"info","event":"Pushing xcom","ti":"RuntimeTaskInstance(id=UUID('019b19a2-1d99-7c32-a2ec-7dfe5aa9b49d'), task_id='gold_features', dag_id='ecommerce_data_pipeline', run_id='scheduled__2025-12-13T00:00:00+00:00', try_number=1, map_index=-1, hostname='MuntahLodia.localdomain', context_carrier=None, task=<Task(BashOperator): gold_features>, bundle_instance=LocalDagBundle(name=dags-folder), max_tries=1, start_date=datetime.datetime(2025, 12, 13, 21, 34, 53, 774504, tzinfo=datetime.timezone.utc), end_date=None, state=<TaskInstanceState.RUNNING: 'running'>, is_mapped=False, rendered_map_index=None, log_url='http://localhost:8080/dags/ecommerce_data_pipeline/runs/scheduled__2025-12-13T00%3A00%3A00%2B00%3A00/tasks/gold_features?try_number=1')","logger":"task"}
{"timestamp":"2025-12-13T21:35:28.407455Z","level":"info","event":"✅ Succès : gold_features","chan":"stdout","logger":"task"}
{"timestamp":"2025-12-13T21:35:28.407872Z","level":"info","event":"Task instance in success state","chan":"stdout","logger":"task"}
{"timestamp":"2025-12-13T21:35:28.408030Z","level":"info","event":" Previous state of the Task instance: TaskInstanceState.RUNNING","chan":"stdout","logger":"task"}
{"timestamp":"2025-12-13T21:35:28.408704Z","level":"info","event":"Task operator:<Task(BashOperator): gold_features>","chan":"stdout","logger":"task"}
