{"timestamp":"2025-12-19T21:54:10.085638","level":"info","event":"DAG bundles loaded: dags-folder, example_dags","logger":"airflow.dag_processing.bundles.manager.DagBundlesManager"}
{"timestamp":"2025-12-19T21:54:10.086965","level":"info","event":"Filling up the DagBag from /home/mountah_lodia/ecommerce_project/ecommerce_project/airflow/dags/ecommerce_pipeline_dag.py","logger":"airflow.models.dagbag.DagBag"}
{"timestamp":"2025-12-19T21:54:10.194644Z","level":"info","event":"Task instance is in running state","chan":"stdout","logger":"task"}
{"timestamp":"2025-12-19T21:54:10.194977Z","level":"info","event":" Previous state of the Task instance: TaskInstanceState.QUEUED","chan":"stdout","logger":"task"}
{"timestamp":"2025-12-19T21:54:10.195367Z","level":"info","event":"Current task name:ingest_raw","chan":"stdout","logger":"task"}
{"timestamp":"2025-12-19T21:54:10.195567Z","level":"info","event":"Dag name:ecommerce_data_pipeline","chan":"stdout","logger":"task"}
{"timestamp":"2025-12-19T21:54:10.196697","level":"info","event":"Tmp dir root location: /tmp","logger":"airflow.task.hooks.airflow.providers.standard.hooks.subprocess.SubprocessHook"}
{"timestamp":"2025-12-19T21:54:10.198557","level":"info","event":"Running command: ['/usr/bin/bash', '-c', 'python3 /home/mountah_lodia/ecommerce_project/ecommerce_project/airflow/scripts/ingest_raw.py /home/mountah_lodia/ecommerce_project/ecommerce_project/data/raw/data.csv /home/mountah_lodia/ecommerce_project/ecommerce_project/data 2011-05-11']","logger":"airflow.task.hooks.airflow.providers.standard.hooks.subprocess.SubprocessHook"}
{"timestamp":"2025-12-19T21:54:10.217582","level":"info","event":"Output:","logger":"airflow.task.hooks.airflow.providers.standard.hooks.subprocess.SubprocessHook"}
{"timestamp":"2025-12-19T21:54:11.801268","level":"info","event":"WARNING: Using incubator modules: jdk.incubator.vector","logger":"airflow.task.hooks.airflow.providers.standard.hooks.subprocess.SubprocessHook"}
{"timestamp":"2025-12-19T21:54:14.964892","level":"info","event":"Using Spark's default log4j profile: org/apache/spark/log4j2-defaults.properties","logger":"airflow.task.hooks.airflow.providers.standard.hooks.subprocess.SubprocessHook"}
{"timestamp":"2025-12-19T21:54:14.987190","level":"info","event":"25/12/19 21:54:14 WARN Utils: Your hostname, MuntahLodia, resolves to a loopback address: 127.0.1.1; using 10.255.255.254 instead (on interface lo)","logger":"airflow.task.hooks.airflow.providers.standard.hooks.subprocess.SubprocessHook"}
{"timestamp":"2025-12-19T21:54:14.996651","level":"info","event":"25/12/19 21:54:14 WARN Utils: Set SPARK_LOCAL_IP if you need to bind to another address","logger":"airflow.task.hooks.airflow.providers.standard.hooks.subprocess.SubprocessHook"}
{"timestamp":"2025-12-19T21:54:16.242138","level":"info","event":"Using Spark's default log4j profile: org/apache/spark/log4j2-defaults.properties","logger":"airflow.task.hooks.airflow.providers.standard.hooks.subprocess.SubprocessHook"}
{"timestamp":"2025-12-19T21:54:16.242936","level":"info","event":"Setting default log level to \"WARN\".","logger":"airflow.task.hooks.airflow.providers.standard.hooks.subprocess.SubprocessHook"}
{"timestamp":"2025-12-19T21:54:16.243151","level":"info","event":"To adjust logging level use sc.setLogLevel(newLevel). For SparkR, use setLogLevel(newLevel).","logger":"airflow.task.hooks.airflow.providers.standard.hooks.subprocess.SubprocessHook"}
{"timestamp":"2025-12-19T21:54:17.526013","level":"info","event":"25/12/19 21:54:17 WARN NativeCodeLoader: Unable to load native-hadoop library for your platform... using builtin-java classes where applicable","logger":"airflow.task.hooks.airflow.providers.standard.hooks.subprocess.SubprocessHook"}
{"timestamp":"2025-12-19T21:54:44.337158","level":"info","event":"\r[Stage 0:>                                                          (0 + 1) / 1]\r\r                                                                                \r\r[Stage 1:>                                                          (0 + 8) / 8]\r\r[Stage 1:=======>                                                   (1 + 7) / 8]\r\r[Stage 1:==============>                                            (2 + 6) / 8]\r\r                                                                                \r\r[Stage 2:>                                                          (0 + 8) / 8]\r\r[Stage 2:=======>                                                   (1 + 7) / 8]\r\r[Stage 2:=============================>                             (4 + 4) / 8]\r\r[Stage 2:====================================>                      (5 + 3) / 8]\r\r[Stage 2:===================================================>       (7 + 1) / 8]\r\r                                                                                \r[INFO] Bronze généré : /home/mountah_lodia/ecommerce_project/ecommerce_project/data/bronze/bronze_20110511.parquet","logger":"airflow.task.hooks.airflow.providers.standard.hooks.subprocess.SubprocessHook"}
{"timestamp":"2025-12-19T21:54:45.039636","level":"info","event":"Command exited with return code 0","logger":"airflow.task.hooks.airflow.providers.standard.hooks.subprocess.SubprocessHook"}
{"timestamp":"2025-12-19T21:54:45.041246","level":"info","event":"Pushing xcom","ti":"RuntimeTaskInstance(id=UUID('019b389b-22d1-78cd-bb3c-8ba569c6e513'), task_id='ingest_raw', dag_id='ecommerce_data_pipeline', run_id='scheduled__2025-12-19T00:00:00+00:00', try_number=1, map_index=-1, hostname='MuntahLodia.localdomain', context_carrier=None, task=<Task(BashOperator): ingest_raw>, bundle_instance=LocalDagBundle(name=dags-folder), max_tries=1, start_date=datetime.datetime(2025, 12, 19, 21, 54, 9, 995357, tzinfo=datetime.timezone.utc), end_date=None, state=<TaskInstanceState.RUNNING: 'running'>, is_mapped=False, rendered_map_index=None, log_url='http://localhost:8080/dags/ecommerce_data_pipeline/runs/scheduled__2025-12-19T00%3A00%3A00%2B00%3A00/tasks/ingest_raw?try_number=1')","logger":"task"}
{"timestamp":"2025-12-19T21:54:45.115260Z","level":"info","event":"✅ Succès : ingest_raw","chan":"stdout","logger":"task"}
{"timestamp":"2025-12-19T21:54:45.115604Z","level":"info","event":"Task instance in success state","chan":"stdout","logger":"task"}
{"timestamp":"2025-12-19T21:54:45.115746Z","level":"info","event":" Previous state of the Task instance: TaskInstanceState.RUNNING","chan":"stdout","logger":"task"}
{"timestamp":"2025-12-19T21:54:45.116485Z","level":"info","event":"Task operator:<Task(BashOperator): ingest_raw>","chan":"stdout","logger":"task"}
