{"timestamp":"2025-12-13T21:35:30.751682","level":"info","event":"DAG bundles loaded: dags-folder, example_dags","logger":"airflow.dag_processing.bundles.manager.DagBundlesManager"}
{"timestamp":"2025-12-13T21:35:30.752650","level":"info","event":"Filling up the DagBag from /home/mountah_lodia/ecommerce_project/ecommerce_project/airflow/dags/ecommerce_pipeline_dag.py","logger":"airflow.models.dagbag.DagBag"}
{"timestamp":"2025-12-13T21:35:30.856493Z","level":"info","event":"Task instance is in running state","chan":"stdout","logger":"task"}
{"timestamp":"2025-12-13T21:35:30.856793Z","level":"info","event":" Previous state of the Task instance: TaskInstanceState.QUEUED","chan":"stdout","logger":"task"}
{"timestamp":"2025-12-13T21:35:30.857160Z","level":"info","event":"Current task name:ingest_raw","chan":"stdout","logger":"task"}
{"timestamp":"2025-12-13T21:35:30.857350Z","level":"info","event":"Dag name:ecommerce_data_pipeline","chan":"stdout","logger":"task"}
{"timestamp":"2025-12-13T21:35:30.858617","level":"info","event":"Tmp dir root location: /tmp","logger":"airflow.task.hooks.airflow.providers.standard.hooks.subprocess.SubprocessHook"}
{"timestamp":"2025-12-13T21:35:30.860264","level":"info","event":"Running command: ['/usr/bin/bash', '-c', 'python3 /home/mountah_lodia/ecommerce_project/ecommerce_project/airflow/scripts/ingest_raw.py /home/mountah_lodia/ecommerce_project/ecommerce_project/data/raw/data.csv /home/mountah_lodia/ecommerce_project/ecommerce_project/data 2011-05-17']","logger":"airflow.task.hooks.airflow.providers.standard.hooks.subprocess.SubprocessHook"}
{"timestamp":"2025-12-13T21:35:30.878151","level":"info","event":"Output:","logger":"airflow.task.hooks.airflow.providers.standard.hooks.subprocess.SubprocessHook"}
{"timestamp":"2025-12-13T21:35:32.295484","level":"info","event":"WARNING: Using incubator modules: jdk.incubator.vector","logger":"airflow.task.hooks.airflow.providers.standard.hooks.subprocess.SubprocessHook"}
{"timestamp":"2025-12-13T21:35:34.902073","level":"info","event":"Using Spark's default log4j profile: org/apache/spark/log4j2-defaults.properties","logger":"airflow.task.hooks.airflow.providers.standard.hooks.subprocess.SubprocessHook"}
{"timestamp":"2025-12-13T21:35:34.925875","level":"info","event":"25/12/13 21:35:34 WARN Utils: Your hostname, MuntahLodia, resolves to a loopback address: 127.0.1.1; using 10.255.255.254 instead (on interface lo)","logger":"airflow.task.hooks.airflow.providers.standard.hooks.subprocess.SubprocessHook"}
{"timestamp":"2025-12-13T21:35:34.933482","level":"info","event":"25/12/13 21:35:34 WARN Utils: Set SPARK_LOCAL_IP if you need to bind to another address","logger":"airflow.task.hooks.airflow.providers.standard.hooks.subprocess.SubprocessHook"}
{"timestamp":"2025-12-13T21:35:35.873873","level":"info","event":"Using Spark's default log4j profile: org/apache/spark/log4j2-defaults.properties","logger":"airflow.task.hooks.airflow.providers.standard.hooks.subprocess.SubprocessHook"}
{"timestamp":"2025-12-13T21:35:35.874869","level":"info","event":"Setting default log level to \"WARN\".","logger":"airflow.task.hooks.airflow.providers.standard.hooks.subprocess.SubprocessHook"}
{"timestamp":"2025-12-13T21:35:35.875182","level":"info","event":"To adjust logging level use sc.setLogLevel(newLevel). For SparkR, use setLogLevel(newLevel).","logger":"airflow.task.hooks.airflow.providers.standard.hooks.subprocess.SubprocessHook"}
{"timestamp":"2025-12-13T21:35:37.395064","level":"info","event":"25/12/13 21:35:37 WARN NativeCodeLoader: Unable to load native-hadoop library for your platform... using builtin-java classes where applicable","logger":"airflow.task.hooks.airflow.providers.standard.hooks.subprocess.SubprocessHook"}
{"timestamp":"2025-12-13T21:36:01.847458","level":"info","event":"\r[Stage 0:>                                                          (0 + 1) / 1]\r\r[Stage 0:===========================================================(1 + 0) / 1]\r\r                                                                                \r\r[Stage 1:>                                                          (0 + 8) / 8]\r\r[Stage 1:=======>                                                   (1 + 7) / 8]\r\r[Stage 1:=============================>                             (4 + 4) / 8]\r\r                                                                                \r\r[Stage 2:>                                                          (0 + 8) / 8]\r\r[Stage 2:=======>                                                   (1 + 7) / 8]\r\r[Stage 2:======================>                                    (3 + 5) / 8]\r\r[Stage 2:=============================>                             (4 + 4) / 8]\r\r[Stage 2:============================================>              (6 + 2) / 8]\r\r                                                                                \r[INFO] Bronze généré : /home/mountah_lodia/ecommerce_project/ecommerce_project/data/bronze/bronze_20110517.parquet","logger":"airflow.task.hooks.airflow.providers.standard.hooks.subprocess.SubprocessHook"}
{"timestamp":"2025-12-13T21:36:02.638955","level":"info","event":"Command exited with return code 0","logger":"airflow.task.hooks.airflow.providers.standard.hooks.subprocess.SubprocessHook"}
{"timestamp":"2025-12-13T21:36:02.640506","level":"info","event":"Pushing xcom","ti":"RuntimeTaskInstance(id=UUID('019b19a2-4ec5-797b-92d5-4f9c389a79d1'), task_id='ingest_raw', dag_id='ecommerce_data_pipeline', run_id='manual__2025-12-13T21:33:45.955166+00:00', try_number=1, map_index=-1, hostname='MuntahLodia.localdomain', context_carrier=None, task=<Task(BashOperator): ingest_raw>, bundle_instance=LocalDagBundle(name=dags-folder), max_tries=1, start_date=datetime.datetime(2025, 12, 13, 21, 35, 30, 664776, tzinfo=datetime.timezone.utc), end_date=None, state=<TaskInstanceState.RUNNING: 'running'>, is_mapped=False, rendered_map_index=None, log_url='http://localhost:8080/dags/ecommerce_data_pipeline/runs/manual__2025-12-13T21%3A33%3A45.955166%2B00%3A00/tasks/ingest_raw?try_number=1')","logger":"task"}
{"timestamp":"2025-12-13T21:36:02.773793Z","level":"info","event":"✅ Succès : ingest_raw","chan":"stdout","logger":"task"}
{"timestamp":"2025-12-13T21:36:02.774159Z","level":"info","event":"Task instance in success state","chan":"stdout","logger":"task"}
{"timestamp":"2025-12-13T21:36:02.774322Z","level":"info","event":" Previous state of the Task instance: TaskInstanceState.RUNNING","chan":"stdout","logger":"task"}
{"timestamp":"2025-12-13T21:36:02.774682Z","level":"info","event":"Task operator:<Task(BashOperator): ingest_raw>","chan":"stdout","logger":"task"}
